/private/var/root/.jenkins/workspace/Stashing/gitHub/src/test/java/org/springframework/samples/petclinic/MySqlIntegrationTests.java
/private/var/root/.jenkins/workspace/Stashing/gitHub/src/test/java/org/springframework/samples/petclinic/MysqlTestApplication.java
/private/var/root/.jenkins/workspace/Stashing/gitHub/src/test/java/org/springframework/samples/petclinic/PetClinicIntegrationTests.java
/private/var/root/.jenkins/workspace/Stashing/gitHub/src/test/java/org/springframework/samples/petclinic/PostgresIntegrationTests.java
/private/var/root/.jenkins/workspace/Stashing/gitHub/src/test/java/org/springframework/samples/petclinic/model/ValidatorTests.java
/private/var/root/.jenkins/workspace/Stashing/gitHub/src/test/java/org/springframework/samples/petclinic/owner/OwnerControllerTests.java
/private/var/root/.jenkins/workspace/Stashing/gitHub/src/test/java/org/springframework/samples/petclinic/owner/PetControllerTests.java
/private/var/root/.jenkins/workspace/Stashing/gitHub/src/test/java/org/springframework/samples/petclinic/owner/PetTypeFormatterTests.java
/private/var/root/.jenkins/workspace/Stashing/gitHub/src/test/java/org/springframework/samples/petclinic/owner/VisitControllerTests.java
/private/var/root/.jenkins/workspace/Stashing/gitHub/src/test/java/org/springframework/samples/petclinic/service/ClinicServiceTests.java
/private/var/root/.jenkins/workspace/Stashing/gitHub/src/test/java/org/springframework/samples/petclinic/service/EntityUtils.java
/private/var/root/.jenkins/workspace/Stashing/gitHub/src/test/java/org/springframework/samples/petclinic/system/CrashControllerIntegrationTests.java
/private/var/root/.jenkins/workspace/Stashing/gitHub/src/test/java/org/springframework/samples/petclinic/system/CrashControllerTests.java
/private/var/root/.jenkins/workspace/Stashing/gitHub/src/test/java/org/springframework/samples/petclinic/vet/VetControllerTests.java
/private/var/root/.jenkins/workspace/Stashing/gitHub/src/test/java/org/springframework/samples/petclinic/vet/VetTests.java
